// Jest Snapshot v1, https://goo.gl/fbAQLP

exports[`Test about UseContext with <AppRouter />  should be shown correctly 1`] = `
<div>
  <nav
    className="navbar navbar-expand-sm navbar-dark bg-dark"
  >
    <a
      className="navbar-brand"
      href="/"
      onClick={[Function]}
    >
      Navbar
    </a>
    <button
      aria-controls="navbarNavAltMarkup"
      aria-expanded="false"
      aria-label="Toggle navigation"
      className="navbar-toggler"
      data-target="#navbarNavAltMarkup"
      data-toggle="collapse"
      type="button"
    >
      <span
        className="navbar-toggler-icon"
      />
    </button>
    <div
      className="collapse navbar-collapse"
      id="navbarNavAltMarkup"
    >
      <div
        className="navbar-nav"
      >
        <a
          aria-current="page"
          className="nav-link active"
          href="/"
          onClick={[Function]}
          style={Object {}}
        >
          Home
        </a>
        <a
          aria-current={null}
          className="nav-link"
          href="/about"
          onClick={[Function]}
        >
          About
        </a>
        <a
          aria-current={null}
          className="nav-link"
          href="/login"
          onClick={[Function]}
        >
          Login
        </a>
      </div>
    </div>
  </nav>
  <div
    className="container"
  >
    <div>
      <h1>
        HomeScreen
      </h1>
      <hr />
      <pre>
        {
   "id": 1234,
   "name": "Bitcero",
   "email": "dev@bitcero.com"
}
      </pre>
    </div>
  </div>
</div>
`;
