// Jest Snapshot v1, https://goo.gl/fbAQLP

exports[`Test about UseContext with <HomeScreen /> should be shown correctly 1`] = `
<div>
  <h1>
    HomeScreen
  </h1>
  <hr />
  <pre>
    {
   "id": 1234,
   "name": "Bitcero",
   "email": "dev@bitcero.com"
}
  </pre>
</div>
`;
